../Core/Src/main.c:78:6:ADC_Select_Water_Level	24	static
../Core/Src/main.c:89:6:ADC_Select_Water_Temperature	24	static
../Core/Src/main.c:100:6:ADC_Select_Ambient_Light	24	static
../Core/Src/main.c:117:5:main	72	static
../Core/Src/main.c:201:6:SystemClock_Config	80	static
../Core/Src/main.c:242:13:MX_ADC_Init	24	static
../Core/Src/main.c:296:13:MX_TIM6_Init	16	static
../Core/Src/main.c:334:13:MX_USART2_UART_Init	8	static
../Core/Src/main.c:369:13:MX_GPIO_Init	48	static
../Core/Src/main.c:420:6:StartDefaultTask	16	static
../Core/Src/main.c:438:6:StartCommsTask	16	static
../Core/Src/main.c:458:6:Error_Handler	8	static,ignoring_inline_asm
